// Jest Snapshot v1, https://goo.gl/fbAQLP

exports[`Button Button mounts when called 1`] = `
<button
  className="digits orange"
  onClick={[Function]}
  type="button"
>
  +
</button>
`;

exports[`Button onClick function works properly 1`] = `
<button
  className="digits orange"
  onClick={[Function]}
  type="button"
>
  +
</button>
`;

exports[`Output Output display appropriately 1`] = `
<div
  className="output"
>
  0
  +
  0
</div>
`;
